#-----------------------------------------------------------
# Vivado v2024.1 (64-bit)
# SW Build 5076996 on Wed May 22 18:37:14 MDT 2024
# IP Build 5075265 on Wed May 22 21:45:21 MDT 2024
# SharedData Build 5076995 on Wed May 22 18:29:18 MDT 2024
# Start of session at: Sat Nov 15 01:25:49 2025
# Process ID: 12396
# Current directory: D:/imran/P.W/VHDL/DI_Lab2_Adder/DI_Lab1_P1.runs/synth_1
# Command line: vivado.exe -log adder.vds -product Vivado -mode batch -messageDb vivado.pb -notrace -source adder.tcl
# Log file: D:/imran/P.W/VHDL/DI_Lab2_Adder/DI_Lab1_P1.runs/synth_1/adder.vds
# Journal file: D:/imran/P.W/VHDL/DI_Lab2_Adder/DI_Lab1_P1.runs/synth_1\vivado.jou
# Running On        :IR-VivoBook
# Platform          :Windows Server 2016 or Windows 10
# Operating System  :26200
# Processor Detail  :Intel(R) Core(TM) i5-1035G1 CPU @ 1.00GHz
# CPU Frequency     :1190 MHz
# CPU Physical cores:4
# CPU Logical cores :8
# Host memory       :12613 MB
# Swap memory       :21324 MB
# Total Virtual     :33937 MB
# Available Virtual :7502 MB
#-----------------------------------------------------------
source adder.tcl -notrace
