#-----------------------------------------------------------
# Vivado v2024.1 (64-bit)
# SW Build 5076996 on Wed May 22 18:37:14 MDT 2024
# IP Build 5075265 on Wed May 22 21:45:21 MDT 2024
# SharedData Build 5076995 on Wed May 22 18:29:18 MDT 2024
# Start of session at: Sat Nov 15 01:42:15 2025
# Process ID: 12244
# Current directory: D:/imran/P.W/VHDL/DI_Lab2_AddSub/DI_Lab2_AddSub.runs/impl_1
# Command line: vivado.exe -log addsub.vdi -applog -product Vivado -messageDb vivado.pb -mode batch -source addsub.tcl -notrace
# Log file: D:/imran/P.W/VHDL/DI_Lab2_AddSub/DI_Lab2_AddSub.runs/impl_1/addsub.vdi
# Journal file: D:/imran/P.W/VHDL/DI_Lab2_AddSub/DI_Lab2_AddSub.runs/impl_1\vivado.jou
# Running On        :IR-VivoBook
# Platform          :Windows Server 2016 or Windows 10
# Operating System  :26200
# Processor Detail  :Intel(R) Core(TM) i5-1035G1 CPU @ 1.00GHz
# CPU Frequency     :1190 MHz
# CPU Physical cores:4
# CPU Logical cores :8
# Host memory       :12613 MB
# Swap memory       :21324 MB
# Total Virtual     :33937 MB
# Available Virtual :7507 MB
#-----------------------------------------------------------
source addsub.tcl -notrace
